[dotenv@17.3.1] injecting env (2) from .env -- tip: ⚙️  enable debug logging with { debug: true }
🚀 SERVER RESTARTING - TRANSLATE ROUTE ACTIVE
[DB] Connected to PostgreSQL at Sat Feb 28 2026 23:04:36 GMT+0800 (Singapore Standard Time)
📦 Database initialized
🚀 HRMS Server running on http://localhost:5005
📋 API Routes:
   POST /api/auth/login
   GET  /api/employees
   GET  /api/kets/:employeeId
   GET  /api/leave/types
   POST /api/payroll/run
   GET  /api/reports/dashboard
[2026-02-28T15:06:14.114Z] GET /api/reports/dashboard
[2026-02-28T15:06:14.128Z] GET /api/documents/expiring
[2026-02-28T15:06:14.129Z] GET /api/entities
[DB] Saved to /Users/cholan/MyProjects/ReactJS/mathi/ezyht-db-migration/hrms-singapore/server/db/hrms-db.sqlite (1167360 bytes)
[DB] Saved to /Users/cholan/MyProjects/ReactJS/mathi/ezyht-db-migration/hrms-singapore/server/db/hrms-db.sqlite (1167360 bytes)
[DB] Saved to /Users/cholan/MyProjects/ReactJS/mathi/ezyht-db-migration/hrms-singapore/server/db/hrms-db.sqlite (1167360 bytes)
[DB] Saved to /Users/cholan/MyProjects/ReactJS/mathi/ezyht-db-migration/hrms-singapore/server/db/hrms-db.sqlite (1167360 bytes)
[DB] Saved to /Users/cholan/MyProjects/ReactJS/mathi/ezyht-db-migration/hrms-singapore/server/db/hrms-db.sqlite (1167360 bytes)
[DB] Saved to /Users/cholan/MyProjects/ReactJS/mathi/ezyht-db-migration/hrms-singapore/server/db/hrms-db.sqlite (1167360 bytes)
[DB] Saved to /Users/cholan/MyProjects/ReactJS/mathi/ezyht-db-migration/hrms-singapore/server/db/hrms-db.sqlite (1167360 bytes)
[DB] Saved to /Users/cholan/MyProjects/ReactJS/mathi/ezyht-db-migration/hrms-singapore/server/db/hrms-db.sqlite (1167360 bytes)
[DB] Saved to /Users/cholan/MyProjects/ReactJS/mathi/ezyht-db-migration/hrms-singapore/server/db/hrms-db.sqlite (1167360 bytes)
[DB] Connected to PostgreSQL at Sat Feb 28 2026 23:06:15 GMT+0800 (Singapore Standard Time)
[DB] Connected to PostgreSQL at Sat Feb 28 2026 23:06:15 GMT+0800 (Singapore Standard Time)
[DB] Connected to PostgreSQL at Sat Feb 28 2026 23:06:15 GMT+0800 (Singapore Standard Time)
[2026-02-28T15:06:15.910Z] GET /api/documents/expiring
[DB] Connected to PostgreSQL at Sat Feb 28 2026 23:06:16 GMT+0800 (Singapore Standard Time)
[2026-02-28T15:06:16.270Z] GET /api/documents/expiring
[2026-02-28T15:06:16.440Z] GET /api/reports/dashboard
[DB] Connected to PostgreSQL at Sat Feb 28 2026 23:06:16 GMT+0800 (Singapore Standard Time)
[DB] Connected to PostgreSQL at Sat Feb 28 2026 23:06:16 GMT+0800 (Singapore Standard Time)
[2026-02-28T15:06:16.630Z] GET /api/documents/expiring
[DB] Connected to PostgreSQL at Sat Feb 28 2026 23:06:16 GMT+0800 (Singapore Standard Time)
[2026-02-28T15:06:17.322Z] GET /api/reports/dashboard
[DB] Connected to PostgreSQL at Sat Feb 28 2026 23:06:17 GMT+0800 (Singapore Standard Time)
[2026-02-28T15:06:18.213Z] GET /api/reports/dashboard
[DB] Connected to PostgreSQL at Sat Feb 28 2026 23:06:18 GMT+0800 (Singapore Standard Time)
[2026-02-28T15:06:21.575Z] GET /api/employees
[DB] Connected to PostgreSQL at Sat Feb 28 2026 23:06:21 GMT+0800 (Singapore Standard Time)
[2026-02-28T15:06:22.475Z] GET /api/employees
[2026-02-28T15:06:22.557Z] GET /uploads/photos/emp_1772177827644.jpeg
[2026-02-28T15:06:22.559Z] GET /uploads/photos/emp_1772025456686.jpeg
[2026-02-28T15:06:22.560Z] GET /uploads/photos/emp_1772023319379.jpeg
[DB] Connected to PostgreSQL at Sat Feb 28 2026 23:06:22 GMT+0800 (Singapore Standard Time)
[2026-02-28T15:06:26.580Z] GET /api/employee-groups
[2026-02-28T15:06:26.581Z] GET /api/payroll/runs
[DB] Connected to PostgreSQL at Sat Feb 28 2026 23:06:26 GMT+0800 (Singapore Standard Time)
[DB] Connected to PostgreSQL at Sat Feb 28 2026 23:06:26 GMT+0800 (Singapore Standard Time)
[2026-02-28T15:06:26.964Z] GET /api/employee-groups
[2026-02-28T15:06:26.964Z] GET /api/payroll/runs
[DB] Connected to PostgreSQL at Sat Feb 28 2026 23:06:27 GMT+0800 (Singapore Standard Time)
[DB] Connected to PostgreSQL at Sat Feb 28 2026 23:06:27 GMT+0800 (Singapore Standard Time)
[2026-02-28T15:06:30.926Z] GET /api/payroll/run/58
[DB] Connected to PostgreSQL at Sat Feb 28 2026 23:06:31 GMT+0800 (Singapore Standard Time)
[2026-02-28T15:06:33.258Z] GET /api/payroll/payslip/849
[DB] Connected to PostgreSQL at Sat Feb 28 2026 23:06:33 GMT+0800 (Singapore Standard Time)
[2026-02-28T15:06:33.664Z] GET /api/payroll/payslip/849
[DB] Connected to PostgreSQL at Sat Feb 28 2026 23:06:34 GMT+0800 (Singapore Standard Time)
[2026-02-28T15:06:52.436Z] GET /api/documents/expiring
[2026-02-28T15:06:52.437Z] GET /api/reports/dashboard
[DB] Connected to PostgreSQL at Sat Feb 28 2026 23:06:52 GMT+0800 (Singapore Standard Time)
[DB] Connected to PostgreSQL at Sat Feb 28 2026 23:06:52 GMT+0800 (Singapore Standard Time)
[2026-02-28T15:06:52.800Z] GET /api/documents/expiring
[DB] Connected to PostgreSQL at Sat Feb 28 2026 23:06:52 GMT+0800 (Singapore Standard Time)
[2026-02-28T15:06:53.342Z] GET /api/reports/dashboard
[DB] Connected to PostgreSQL at Sat Feb 28 2026 23:06:53 GMT+0800 (Singapore Standard Time)
[2026-02-28T15:06:58.691Z] GET /api/employees
[DB] Connected to PostgreSQL at Sat Feb 28 2026 23:06:58 GMT+0800 (Singapore Standard Time)
[2026-02-28T15:06:59.566Z] GET /api/employees
[2026-02-28T15:06:59.658Z] GET /uploads/photos/emp_1772025456686.jpeg
[2026-02-28T15:06:59.658Z] GET /uploads/photos/emp_1772023319379.jpeg
[2026-02-28T15:06:59.658Z] GET /uploads/photos/emp_1772177827644.jpeg
[DB] Connected to PostgreSQL at Sat Feb 28 2026 23:06:59 GMT+0800 (Singapore Standard Time)
[2026-02-28T15:07:01.510Z] GET /api/leave/requests
[2026-02-28T15:07:01.511Z] GET /api/employees
[2026-02-28T15:07:01.511Z] GET /api/leave/types
[2026-02-28T15:07:01.513Z] GET /api/leave/balances-all/2026
[2026-02-28T15:07:01.515Z] GET /api/leave-policies
[2026-02-28T15:07:01.515Z] GET /api/employee-grades
[DB] Connected to PostgreSQL at Sat Feb 28 2026 23:07:01 GMT+0800 (Singapore Standard Time)
[DB] Connected to PostgreSQL at Sat Feb 28 2026 23:07:01 GMT+0800 (Singapore Standard Time)
[DB] Connected to PostgreSQL at Sat Feb 28 2026 23:07:01 GMT+0800 (Singapore Standard Time)
[DB] Connected to PostgreSQL at Sat Feb 28 2026 23:07:01 GMT+0800 (Singapore Standard Time)
[DB] Connected to PostgreSQL at Sat Feb 28 2026 23:07:01 GMT+0800 (Singapore Standard Time)
[2026-02-28T15:07:01.874Z] GET /api/leave/requests
[2026-02-28T15:07:01.876Z] GET /api/leave/types
[2026-02-28T15:07:01.878Z] GET /api/leave-policies
[DB] Connected to PostgreSQL at Sat Feb 28 2026 23:07:01 GMT+0800 (Singapore Standard Time)
[DB] Connected to PostgreSQL at Sat Feb 28 2026 23:07:01 GMT+0800 (Singapore Standard Time)
[DB] Connected to PostgreSQL at Sat Feb 28 2026 23:07:01 GMT+0800 (Singapore Standard Time)
[2026-02-28T15:07:02.389Z] GET /api/employees
[DB] Connected to PostgreSQL at Sat Feb 28 2026 23:07:02 GMT+0800 (Singapore Standard Time)
[DB] Connected to PostgreSQL at Sat Feb 28 2026 23:07:02 GMT+0800 (Singapore Standard Time)
[2026-02-28T15:07:02.586Z] GET /api/employee-grades
[DB] Connected to PostgreSQL at Sat Feb 28 2026 23:07:02 GMT+0800 (Singapore Standard Time)
[DEBUG] GET /balances-all - Bulk Optimized - Returning 1395 total balance records
[2026-02-28T15:07:03.139Z] GET /api/leave/balances-all/2026
[DB] Connected to PostgreSQL at Sat Feb 28 2026 23:07:03 GMT+0800 (Singapore Standard Time)
[DEBUG] GET /balances-all - Bulk Optimized - Returning 1395 total balance records
[2026-02-28T15:07:23.286Z] GET /api/employees
[DB] Connected to PostgreSQL at Sat Feb 28 2026 23:07:23 GMT+0800 (Singapore Standard Time)
[2026-02-28T15:07:26.722Z] GET /api/reports/detailed-attendance/2026/2/33
[DB] Connected to PostgreSQL at Sat Feb 28 2026 23:07:26 GMT+0800 (Singapore Standard Time)
[2026-02-28T15:07:35.658Z] GET /api/entities
[DB] Connected to PostgreSQL at Sat Feb 28 2026 23:07:35 GMT+0800 (Singapore Standard Time)
[2026-02-28T15:07:36.023Z] GET /api/entities
[DB] Connected to PostgreSQL at Sat Feb 28 2026 23:07:36 GMT+0800 (Singapore Standard Time)
[2026-02-28T15:07:38.899Z] GET /api/customers
[DB] Connected to PostgreSQL at Sat Feb 28 2026 23:07:39 GMT+0800 (Singapore Standard Time)
[2026-02-28T15:07:39.263Z] GET /api/customers
[DB] Connected to PostgreSQL at Sat Feb 28 2026 23:07:39 GMT+0800 (Singapore Standard Time)
[2026-02-28T15:07:40.664Z] GET /api/customers
[2026-02-28T15:07:40.667Z] GET /api/sites
[DB] Connected to PostgreSQL at Sat Feb 28 2026 23:07:40 GMT+0800 (Singapore Standard Time)
[DB] Connected to PostgreSQL at Sat Feb 28 2026 23:07:40 GMT+0800 (Singapore Standard Time)
[2026-02-28T15:07:41.027Z] GET /api/customers
[2026-02-28T15:07:41.027Z] GET /api/sites
[DB] Connected to PostgreSQL at Sat Feb 28 2026 23:07:41 GMT+0800 (Singapore Standard Time)
[DB] Connected to PostgreSQL at Sat Feb 28 2026 23:07:41 GMT+0800 (Singapore Standard Time)
[2026-02-28T15:07:42.894Z] GET /api/departments
[DB] Connected to PostgreSQL at Sat Feb 28 2026 23:07:43 GMT+0800 (Singapore Standard Time)
[2026-02-28T15:07:43.258Z] GET /api/departments
[DB] Connected to PostgreSQL at Sat Feb 28 2026 23:07:43 GMT+0800 (Singapore Standard Time)
[2026-02-28T15:07:46.185Z] GET /api/user-roles
[DB] Connected to PostgreSQL at Sat Feb 28 2026 23:07:46 GMT+0800 (Singapore Standard Time)
[2026-02-28T15:07:46.545Z] GET /api/user-roles
[DB] Connected to PostgreSQL at Sat Feb 28 2026 23:07:46 GMT+0800 (Singapore Standard Time)
[2026-02-28T15:07:47.740Z] GET /api/user-roles
[2026-02-28T15:07:47.741Z] GET /api/entities
[2026-02-28T15:07:47.742Z] GET /api/users
[2026-02-28T15:07:47.743Z] GET /api/employee-groups
[DB] Connected to PostgreSQL at Sat Feb 28 2026 23:07:47 GMT+0800 (Singapore Standard Time)
[DB] Connected to PostgreSQL at Sat Feb 28 2026 23:07:47 GMT+0800 (Singapore Standard Time)
[DB] Connected to PostgreSQL at Sat Feb 28 2026 23:07:47 GMT+0800 (Singapore Standard Time)
[DB] Connected to PostgreSQL at Sat Feb 28 2026 23:07:47 GMT+0800 (Singapore Standard Time)
[2026-02-28T15:07:48.105Z] GET /api/entities
[2026-02-28T15:07:48.105Z] GET /api/employee-groups
[2026-02-28T15:07:48.105Z] GET /api/user-roles
[2026-02-28T15:07:48.110Z] GET /api/users
[DB] Connected to PostgreSQL at Sat Feb 28 2026 23:07:48 GMT+0800 (Singapore Standard Time)
[DB] Connected to PostgreSQL at Sat Feb 28 2026 23:07:48 GMT+0800 (Singapore Standard Time)
[DB] Connected to PostgreSQL at Sat Feb 28 2026 23:07:48 GMT+0800 (Singapore Standard Time)
[DB] Connected to PostgreSQL at Sat Feb 28 2026 23:07:48 GMT+0800 (Singapore Standard Time)
[2026-02-28T15:07:53.135Z] GET /api/leave-policies
[2026-02-28T15:07:53.138Z] GET /api/employee-grades
[2026-02-28T15:07:53.138Z] GET /api/leave/types
[DB] Connected to PostgreSQL at Sat Feb 28 2026 23:07:53 GMT+0800 (Singapore Standard Time)
[DB] Connected to PostgreSQL at Sat Feb 28 2026 23:07:53 GMT+0800 (Singapore Standard Time)
[DB] Connected to PostgreSQL at Sat Feb 28 2026 23:07:53 GMT+0800 (Singapore Standard Time)
[2026-02-28T15:07:53.498Z] GET /api/leave-policies
[2026-02-28T15:07:53.499Z] GET /api/employee-grades
[2026-02-28T15:07:53.502Z] GET /api/leave/types
[DB] Connected to PostgreSQL at Sat Feb 28 2026 23:07:53 GMT+0800 (Singapore Standard Time)
[DB] Connected to PostgreSQL at Sat Feb 28 2026 23:07:53 GMT+0800 (Singapore Standard Time)
[DB] Connected to PostgreSQL at Sat Feb 28 2026 23:07:53 GMT+0800 (Singapore Standard Time)
[2026-02-28T15:07:55.916Z] GET /api/holidays
[DB] Connected to PostgreSQL at Sat Feb 28 2026 23:07:56 GMT+0800 (Singapore Standard Time)
[2026-02-28T15:07:56.287Z] GET /api/holidays
[DB] Connected to PostgreSQL at Sat Feb 28 2026 23:07:56 GMT+0800 (Singapore Standard Time)
[2026-02-28T15:07:58.275Z] GET /api/reports/dashboard
[2026-02-28T15:07:58.276Z] GET /api/documents/expiring
[DB] Connected to PostgreSQL at Sat Feb 28 2026 23:07:58 GMT+0800 (Singapore Standard Time)
[DB] Connected to PostgreSQL at Sat Feb 28 2026 23:07:58 GMT+0800 (Singapore Standard Time)
[2026-02-28T15:07:58.631Z] GET /api/documents/expiring
[DB] Connected to PostgreSQL at Sat Feb 28 2026 23:07:58 GMT+0800 (Singapore Standard Time)
[2026-02-28T15:07:59.159Z] GET /api/reports/dashboard
[DB] Connected to PostgreSQL at Sat Feb 28 2026 23:07:59 GMT+0800 (Singapore Standard Time)
[2026-02-28T15:08:03.305Z] GET /api/employees
[DB] Connected to PostgreSQL at Sat Feb 28 2026 23:08:03 GMT+0800 (Singapore Standard Time)
[2026-02-28T15:08:04.190Z] GET /api/employees
[2026-02-28T15:08:04.276Z] GET /uploads/photos/emp_1772025456686.jpeg
[2026-02-28T15:08:04.277Z] GET /uploads/photos/emp_1772023319379.jpeg
[2026-02-28T15:08:04.277Z] GET /uploads/photos/emp_1772177827644.jpeg
[DB] Connected to PostgreSQL at Sat Feb 28 2026 23:08:04 GMT+0800 (Singapore Standard Time)
[2026-02-28T15:08:11.784Z] GET /api/leave/types
[2026-02-28T15:08:11.785Z] GET /api/employees
[2026-02-28T15:08:11.787Z] GET /api/leave-policies
[2026-02-28T15:08:11.787Z] GET /api/leave/requests
[2026-02-28T15:08:11.788Z] GET /api/leave/balances-all/2026
[2026-02-28T15:08:11.789Z] GET /api/employee-grades
[DB] Connected to PostgreSQL at Sat Feb 28 2026 23:08:11 GMT+0800 (Singapore Standard Time)
[DB] Connected to PostgreSQL at Sat Feb 28 2026 23:08:11 GMT+0800 (Singapore Standard Time)
[DB] Connected to PostgreSQL at Sat Feb 28 2026 23:08:11 GMT+0800 (Singapore Standard Time)
[DB] Connected to PostgreSQL at Sat Feb 28 2026 23:08:11 GMT+0800 (Singapore Standard Time)
[2026-02-28T15:08:12.149Z] GET /api/leave/requests
[2026-02-28T15:08:12.150Z] GET /api/leave/types
[2026-02-28T15:08:12.151Z] GET /api/leave-policies
[DB] Connected to PostgreSQL at Sat Feb 28 2026 23:08:12 GMT+0800 (Singapore Standard Time)
[DB] Connected to PostgreSQL at Sat Feb 28 2026 23:08:12 GMT+0800 (Singapore Standard Time)
[DB] Connected to PostgreSQL at Sat Feb 28 2026 23:08:12 GMT+0800 (Singapore Standard Time)
[2026-02-28T15:08:12.658Z] GET /api/employees
[DB] Connected to PostgreSQL at Sat Feb 28 2026 23:08:12 GMT+0800 (Singapore Standard Time)
[DB] Connected to PostgreSQL at Sat Feb 28 2026 23:08:12 GMT+0800 (Singapore Standard Time)
[DB] Connected to PostgreSQL at Sat Feb 28 2026 23:08:12 GMT+0800 (Singapore Standard Time)
[2026-02-28T15:08:12.876Z] GET /api/employee-grades
[DB] Connected to PostgreSQL at Sat Feb 28 2026 23:08:12 GMT+0800 (Singapore Standard Time)
[DEBUG] GET /balances-all - Bulk Optimized - Returning 1395 total balance records
[2026-02-28T15:08:14.101Z] GET /api/leave/balances-all/2026
[DB] Connected to PostgreSQL at Sat Feb 28 2026 23:08:14 GMT+0800 (Singapore Standard Time)
[DEBUG] GET /balances-all - Bulk Optimized - Returning 1395 total balance records
[2026-02-28T15:08:58.527Z] GET /api/employees
[DB] Connected to PostgreSQL at Sat Feb 28 2026 23:08:59 GMT+0800 (Singapore Standard Time)
[2026-02-28T15:09:00.167Z] GET /api/employees
[2026-02-28T15:09:00.259Z] GET /uploads/photos/emp_1772023319379.jpeg
[2026-02-28T15:09:00.260Z] GET /uploads/photos/emp_1772177827644.jpeg
[2026-02-28T15:09:00.260Z] GET /uploads/photos/emp_1772025456686.jpeg
[DB] Connected to PostgreSQL at Sat Feb 28 2026 23:09:00 GMT+0800 (Singapore Standard Time)
[2026-02-28T15:09:17.655Z] GET /api/documents/expiring
[2026-02-28T15:09:17.657Z] GET /api/reports/dashboard
[DB] Connected to PostgreSQL at Sat Feb 28 2026 23:09:17 GMT+0800 (Singapore Standard Time)
[2026-02-28T15:09:18.018Z] GET /api/documents/expiring
[DB] Connected to PostgreSQL at Sat Feb 28 2026 23:09:18 GMT+0800 (Singapore Standard Time)
[DB] Connected to PostgreSQL at Sat Feb 28 2026 23:09:18 GMT+0800 (Singapore Standard Time)
[2026-02-28T15:09:19.257Z] GET /api/reports/dashboard
[DB] Connected to PostgreSQL at Sat Feb 28 2026 23:09:19 GMT+0800 (Singapore Standard Time)
[2026-02-28T15:09:21.512Z] GET /api/employees
[DB] Connected to PostgreSQL at Sat Feb 28 2026 23:09:21 GMT+0800 (Singapore Standard Time)
[2026-02-28T15:09:22.399Z] GET /api/employees
[2026-02-28T15:09:22.513Z] GET /uploads/photos/emp_1772025456686.jpeg
[2026-02-28T15:09:22.513Z] GET /uploads/photos/emp_1772023319379.jpeg
[2026-02-28T15:09:22.513Z] GET /uploads/photos/emp_1772177827644.jpeg
[DB] Connected to PostgreSQL at Sat Feb 28 2026 23:09:22 GMT+0800 (Singapore Standard Time)
[2026-02-28T15:09:23.797Z] GET /api/employees
[2026-02-28T15:09:23.798Z] GET /api/leave/types
[2026-02-28T15:09:23.798Z] GET /api/leave/balances-all/2026
[2026-02-28T15:09:23.801Z] GET /api/leave-policies
[2026-02-28T15:09:23.801Z] GET /api/employee-grades
[2026-02-28T15:09:23.803Z] GET /api/leave/requests
[DB] Connected to PostgreSQL at Sat Feb 28 2026 23:09:23 GMT+0800 (Singapore Standard Time)
[DB] Connected to PostgreSQL at Sat Feb 28 2026 23:09:23 GMT+0800 (Singapore Standard Time)
[2026-02-28T15:09:24.162Z] GET /api/leave/types
[DB] Connected to PostgreSQL at Sat Feb 28 2026 23:09:24 GMT+0800 (Singapore Standard Time)
[2026-02-28T15:09:24.506Z] GET /api/employees
[DB] Connected to PostgreSQL at Sat Feb 28 2026 23:09:24 GMT+0800 (Singapore Standard Time)
[DB] Connected to PostgreSQL at Sat Feb 28 2026 23:09:24 GMT+0800 (Singapore Standard Time)
[DB] Connected to PostgreSQL at Sat Feb 28 2026 23:09:24 GMT+0800 (Singapore Standard Time)
[DB] Connected to PostgreSQL at Sat Feb 28 2026 23:09:24 GMT+0800 (Singapore Standard Time)
[DB] Connected to PostgreSQL at Sat Feb 28 2026 23:09:24 GMT+0800 (Singapore Standard Time)
[2026-02-28T15:09:24.877Z] GET /api/employee-grades
[2026-02-28T15:09:24.877Z] GET /api/leave/requests
[2026-02-28T15:09:25.041Z] GET /api/leave-policies
[DB] Connected to PostgreSQL at Sat Feb 28 2026 23:09:24 GMT+0800 (Singapore Standard Time)
[DB] Connected to PostgreSQL at Sat Feb 28 2026 23:09:24 GMT+0800 (Singapore Standard Time)
[DB] Connected to PostgreSQL at Sat Feb 28 2026 23:09:25 GMT+0800 (Singapore Standard Time)
[DEBUG] GET /balances-all - Bulk Optimized - Returning 1395 total balance records
[2026-02-28T15:09:26.130Z] GET /api/leave/balances-all/2026
[DB] Connected to PostgreSQL at Sat Feb 28 2026 23:09:26 GMT+0800 (Singapore Standard Time)
[2026-02-28T15:09:27.039Z] GET /api/holidays?year=2026&month=2&entityId=2
[2026-02-28T15:09:27.040Z] GET /api/entities
[2026-02-28T15:09:27.040Z] GET /api/employees?entityId=2
[DB] Connected to PostgreSQL at Sat Feb 28 2026 23:09:27 GMT+0800 (Singapore Standard Time)
[DB] Connected to PostgreSQL at Sat Feb 28 2026 23:09:27 GMT+0800 (Singapore Standard Time)
[DB] Connected to PostgreSQL at Sat Feb 28 2026 23:09:27 GMT+0800 (Singapore Standard Time)
[DEBUG] GET /balances-all - Bulk Optimized - Returning 1395 total balance records
[2026-02-28T15:09:27.402Z] GET /api/holidays?year=2026&month=2&entityId=2
[2026-02-28T15:09:27.403Z] GET /api/entities
[DB] Connected to PostgreSQL at Sat Feb 28 2026 23:09:27 GMT+0800 (Singapore Standard Time)
[DB] Connected to PostgreSQL at Sat Feb 28 2026 23:09:27 GMT+0800 (Singapore Standard Time)
[2026-02-28T15:09:27.759Z] GET /api/employees?entityId=2
[DB] Connected to PostgreSQL at Sat Feb 28 2026 23:09:27 GMT+0800 (Singapore Standard Time)
[2026-02-28T15:09:34.621Z] GET /api/entities
[DB] Connected to PostgreSQL at Sat Feb 28 2026 23:09:34 GMT+0800 (Singapore Standard Time)
[2026-02-28T15:09:35.010Z] GET /api/employees?entityId=1
[2026-02-28T15:09:35.012Z] GET /api/holidays?year=2026&month=2&entityId=1
[2026-02-28T15:09:35.013Z] GET /api/entities
[DB] Connected to PostgreSQL at Sat Feb 28 2026 23:09:35 GMT+0800 (Singapore Standard Time)
[DB] Connected to PostgreSQL at Sat Feb 28 2026 23:09:35 GMT+0800 (Singapore Standard Time)
[DB] Connected to PostgreSQL at Sat Feb 28 2026 23:09:35 GMT+0800 (Singapore Standard Time)
[2026-02-28T15:09:35.371Z] GET /api/holidays?year=2026&month=2&entityId=1
[2026-02-28T15:09:35.372Z] GET /api/entities
[DB] Connected to PostgreSQL at Sat Feb 28 2026 23:09:35 GMT+0800 (Singapore Standard Time)
[DB] Connected to PostgreSQL at Sat Feb 28 2026 23:09:35 GMT+0800 (Singapore Standard Time)
[2026-02-28T15:09:35.550Z] GET /api/employees?entityId=1
[DB] Connected to PostgreSQL at Sat Feb 28 2026 23:09:35 GMT+0800 (Singapore Standard Time)
[2026-02-28T15:09:36.691Z] GET /api/employees
[2026-02-28T15:09:36.693Z] GET /api/leave/types
[2026-02-28T15:09:36.694Z] GET /api/leave/balances-all/2026
[2026-02-28T15:09:36.694Z] GET /api/leave-policies
[2026-02-28T15:09:36.695Z] GET /api/leave/requests
[2026-02-28T15:09:36.695Z] GET /api/employee-grades
[DB] Connected to PostgreSQL at Sat Feb 28 2026 23:09:36 GMT+0800 (Singapore Standard Time)
[DB] Connected to PostgreSQL at Sat Feb 28 2026 23:09:36 GMT+0800 (Singapore Standard Time)
[DB] Connected to PostgreSQL at Sat Feb 28 2026 23:09:36 GMT+0800 (Singapore Standard Time)
[DB] Connected to PostgreSQL at Sat Feb 28 2026 23:09:36 GMT+0800 (Singapore Standard Time)
[DB] Connected to PostgreSQL at Sat Feb 28 2026 23:09:36 GMT+0800 (Singapore Standard Time)
[DB] Connected to PostgreSQL at Sat Feb 28 2026 23:09:36 GMT+0800 (Singapore Standard Time)
[2026-02-28T15:09:37.053Z] GET /api/leave/requests
[2026-02-28T15:09:37.053Z] GET /api/leave/types
[2026-02-28T15:09:37.056Z] GET /api/leave-policies
[2026-02-28T15:09:37.058Z] GET /api/employee-grades
[DEBUG] GET /balances-all - Bulk Optimized - Returning 153 total balance records
[DB] Connected to PostgreSQL at Sat Feb 28 2026 23:09:37 GMT+0800 (Singapore Standard Time)
[DB] Connected to PostgreSQL at Sat Feb 28 2026 23:09:37 GMT+0800 (Singapore Standard Time)
[2026-02-28T15:09:37.233Z] GET /api/employees
[2026-02-28T15:09:37.235Z] GET /api/leave/balances-all/2026
[DB] Connected to PostgreSQL at Sat Feb 28 2026 23:09:37 GMT+0800 (Singapore Standard Time)
[DB] Connected to PostgreSQL at Sat Feb 28 2026 23:09:37 GMT+0800 (Singapore Standard Time)
[DEBUG] GET /balances-all - Bulk Optimized - Returning 153 total balance records
[DB] Connected to PostgreSQL at Sat Feb 28 2026 23:09:37 GMT+0800 (Singapore Standard Time)
[DB] Connected to PostgreSQL at Sat Feb 28 2026 23:09:37 GMT+0800 (Singapore Standard Time)
[2026-02-28T15:09:39.865Z] GET /api/employees
[DB] Connected to PostgreSQL at Sat Feb 28 2026 23:09:39 GMT+0800 (Singapore Standard Time)
[2026-02-28T15:09:40.414Z] GET /api/employees
[2026-02-28T15:09:40.443Z] GET /uploads/photos/emp_1772025456686.jpeg
[DB] Connected to PostgreSQL at Sat Feb 28 2026 23:09:40 GMT+0800 (Singapore Standard Time)
